// Jest Snapshot v1, https://goo.gl/fbAQLP

exports[`Home page matches snapshot 1`] = `
<DocumentFragment>
  <div
    class="container"
  >
    <main>
      <h1
        class="title"
      >
        Welcome to Plants
      </h1>
      <button>
        Test Button
      </button>
    </main>
  </div>
</DocumentFragment>
`;
